// Jest Snapshot v1, https://goo.gl/fbAQLP

exports[`Pruebas en <AppRouter /> debe de mostrar login si no est√° autenticado 1`] = `
<div>
  <div
    className="container mt-5"
  >
    <h1>
      Login
    </h1>
    <hr />
    <form
      onSubmit={[Function]}
    >
      <input
        autoComplete="off"
        className="form-control"
        name="name"
        onChange={[Function]}
        placeholder="username"
        type="text"
        value=""
      />
      <input
        className="form-control"
        name="password"
        onChange={[Function]}
        placeholder="password"
        type="password"
        value=""
      />
      <button
        className="btn btn-primary"
        type="submit"
      >
        Login
      </button>
    </form>
  </div>
</div>
`;
